=== Phase 1: Search queries (bar shelf) ===
  'שוקולד פרה' page 0: 15 items, 15 new (total 15)
  'שוקולד פרה' page 1: 15 items, 0 new (total 15)
  'שוקולד פרה' total new: 15
  'טבלת שוקולד' page 0: 19 items, 16 new (total 31)
  'טבלת שוקולד' page 1: 19 items, 0 new (total 31)
  'טבלת שוקולד' total new: 16
  'שוקולד מריר' page 0: 19 items, 12 new (total 43)
  'שוקולד מריר' page 1: 19 items, 0 new (total 43)
  'שוקולד מריר' total new: 12
  'שוקולד חלב' page 0: 19 items, 19 new (total 62)
  'שוקולד חלב' page 1: 19 items, 0 new (total 62)
  'שוקולד חלב' total new: 19
  'פסק זמן' page 0: 10 items, 10 new (total 72)
  'פסק זמן' page 1: 10 items, 0 new (total 72)
  'פסק זמן' total new: 10
  'קיט קט' page 0: 1 items, 1 new (total 73)
  'קיט קט' page 1: 1 items, 0 new (total 73)
  'קיט קט' total new: 1
  'חטיף שוקולד' page 0: 12 items, 12 new (total 85)
  'חטיף שוקולד' page 1: 12 items, 0 new (total 85)
  'חטיף שוקולד' total new: 12
  'מקופלת' page 0: no results — stopping
  'מקופלת' total new: 0
  'קליק שוקולד' page 0: 15 items, 11 new (total 96)
  'קליק שוקולד' page 1: 15 items, 0 new (total 96)
  'קליק שוקולד' total new: 11
  'טוויקס' page 0: 3 items, 3 new (total 99)
  'טוויקס' page 1: 3 items, 0 new (total 99)
  'טוויקס' total new: 3
  'סניקרס' page 0: 4 items, 4 new (total 103)
  'סניקרס' page 1: 4 items, 0 new (total 103)
  'סניקרס' total new: 4
  'מארס שוקולד' page 0: 14 items, 4 new (total 107)
  'מארס שוקולד' page 1: 14 items, 0 new (total 107)
  'מארס שוקולד' total new: 4
  'לינדט' page 0: 17 items, 14 new (total 121)
  'לינדט' page 1: 17 items, 0 new (total 121)
  'לינדט' total new: 14
  'מילקה' page 0: 17 items, 15 new (total 136)
  'מילקה' page 1: 17 items, 0 new (total 136)
  'מילקה' total new: 15
  'טובלרון' page 0: 5 items, 5 new (total 141)
  'טובלרון' page 1: 5 items, 0 new (total 141)
  'טובלרון' total new: 5
  'כיף כף' page 0: 1 items, 0 new (total 141)
  'כיף כף' total new: 0
  'שוקולד ממולא' page 0: 14 items, 5 new (total 146)
  'שוקולד ממולא' page 1: 14 items, 0 new (total 146)
  'שוקולד ממולא' total new: 5

Total unique product codes: 146

=== Phase 2: Product page fetching ===
  [20/146] fetched 21 OK
  [40/146] fetched 41 OK
  [60/146] fetched 61 OK
  [80/146] fetched 81 OK
  [100/146] fetched 101 OK
  [120/146] fetched 121 OK
  [140/146] fetched 141 OK

Product pages: 146 OK, 0 failed
Coverage: 139/146 nutrition, 142/146 ingredients, 146/146 images, 139/146 high-confidence

=== CHOCOLATE DONE === 146 products | nutrition 139 | ingredients 142
raw: C:\Bari\02_products\chocolate\bsip0_outputs\choc_bsip0_raw_20260621T093256.json
