[עוגיות שוקולד צ׳יפס] 12 cards
C:\Bari\03_operations\bsip0\scrape\cakes_hard_cookies\02_scrape_yohananof.py:158: DeprecationWarning: datetime.datetime.utcnow() is deprecated and scheduled for removal in a future version. Use timezone-aware objects to represent datetimes in UTC: datetime.datetime.now(datetime.UTC).
  "scraped_at": datetime.utcnow().isoformat(),
  ...10 captured
[עוגיות] 26 cards
  ...20 captured
[קוקיס] 13 cards
[עוגת שוקולד] 14 cards
  ...30 captured
[עוגה] 14 cards
[עוגת שמרים] 14 cards
[עוגיות מילוי] 15 cards
  ...40 captured
[עוגת גבינה] 14 cards
[ביסקוויט] 14 cards
  ...50 captured
[קראנץ] 14 cards
C:\Bari\03_operations\bsip0\scrape\cakes_hard_cookies\02_scrape_yohananof.py:182: DeprecationWarning: datetime.datetime.utcnow() is deprecated and scheduled for removal in a future version. Use timezone-aware objects to represent datetimes in UTC: datetime.datetime.now(datetime.UTC).
  ts = datetime.utcnow().strftime("%Y%m%dT%H%M%S")

WROTE C:\Bari\02_products\cakes_hard_cookies\bsip0_outputs\cakes_yohananof_bsip0_raw_20260614T130719.json  (59 products, 55 nutrition, 56 ingredients)
