
> bari@0.1.0 build
> next build

▲ Next.js 16.2.6 (Turbopack)
- Environments: .env.local

  Creating an optimized production build ...
✓ Compiled successfully in 17.9s
  Running TypeScript ...
  Finished TypeScript in 16.7s ...
  Collecting page data using 5 workers ...
  Generating static pages using 5 workers (0/46) ...
  Generating static pages using 5 workers (11/46) 
  Generating static pages using 5 workers (22/46) 
  Generating static pages using 5 workers (34/46) 
✓ Generating static pages using 5 workers (46/46) in 1907ms
  Finalizing page optimization ...

Route (app)
┌ ○ /
├ ○ /_not-found
├ ƒ /api/newsletter/subscribe
├ ○ /blog
├ ○ /blog/bread-analysis
├ ○ /blog/bread-everyday
├ ○ /blog/bread-standouts
├ ○ /blog/bread-wellness-gap
├ ○ /blog/hummus
├ ○ /blog/lechem
├ ○ /blog/milk-analysis
├ ○ /blog/shemen-zayit
├ ○ /blog/snack-bars-flagship
├ ○ /blog/yogurt
├ ○ /categories/snacks
├ ○ /compare/bread-comparison
├ ○ /compare/bread-shufersal
├ ○ /compare/snack-bars
├ ○ /dev/confidence-preview
├ ○ /dev/glass-box-preview
├ ○ /hashvaot
├ ○ /hashvaot/bread
├ ○ /hashvaot/bread-comparison
├ ○ /hashvaot/breakfast-cereals
├ ○ /hashvaot/brined-cheeses
├ ○ /hashvaot/butter
├ ○ /hashvaot/cheese
├ ○ /hashvaot/cookies-coffee
├ ○ /hashvaot/granola
├ ○ /hashvaot/hard-cheeses
├ ○ /hashvaot/hummus
├ ○ /hashvaot/juices
├ ○ /hashvaot/milk-comparison
├ ○ /hashvaot/salty-snacks
├ ○ /hashvaot/snack-bars
├ ○ /hashvaot/snacks
├ ○ /hashvaot/vegetable-spreads
├ ○ /hashvaot/yogurts
├ ○ /icon.png
├ ○ /newsletter
├ ○ /products/demo
├ ○ /research/bread-transparency-shufersal
├ ○ /research/glass-box
├ ○ /robots.txt
└ ○ /sitemap.xml


○  (Static)   prerendered as static content
ƒ  (Dynamic)  server-rendered on demand

